Archive member included to satisfy reference by file (symbol)

c:/tools/avr-gcc_7.3.0/bin/../lib/gcc/avr/7.3.0/avr5\libgcc.a(_exit.o)
                              c:/tools/avr-gcc_7.3.0/bin/../lib/gcc/avr/7.3.0/../../../../avr/lib/avr5/crtatmega328pb.o (exit)

Discarded input sections

 .data          0x00000000        0x0 c:/tools/avr-gcc_7.3.0/bin/../lib/gcc/avr/7.3.0/../../../../avr/lib/avr5/crtatmega328pb.o
 .bss           0x00000000        0x0 c:/tools/avr-gcc_7.3.0/bin/../lib/gcc/avr/7.3.0/../../../../avr/lib/avr5/crtatmega328pb.o
 .text          0x00000000        0x0 obj-m328pb/src/main.o
 .data          0x00000000        0x0 obj-m328pb/src/main.o
 .bss           0x00000000        0x0 obj-m328pb/src/main.o
 .text          0x00000000        0x0 c:/tools/avr-gcc_7.3.0/bin/../lib/gcc/avr/7.3.0/avr5\libgcc.a(_exit.o)
 .data          0x00000000        0x0 c:/tools/avr-gcc_7.3.0/bin/../lib/gcc/avr/7.3.0/avr5\libgcc.a(_exit.o)
 .bss           0x00000000        0x0 c:/tools/avr-gcc_7.3.0/bin/../lib/gcc/avr/7.3.0/avr5\libgcc.a(_exit.o)
 .text.libgcc.mul
                0x00000000        0x0 c:/tools/avr-gcc_7.3.0/bin/../lib/gcc/avr/7.3.0/avr5\libgcc.a(_exit.o)
 .text.libgcc.div
                0x00000000        0x0 c:/tools/avr-gcc_7.3.0/bin/../lib/gcc/avr/7.3.0/avr5\libgcc.a(_exit.o)
 .text.libgcc   0x00000000        0x0 c:/tools/avr-gcc_7.3.0/bin/../lib/gcc/avr/7.3.0/avr5\libgcc.a(_exit.o)
 .text.libgcc.prologue
                0x00000000        0x0 c:/tools/avr-gcc_7.3.0/bin/../lib/gcc/avr/7.3.0/avr5\libgcc.a(_exit.o)
 .text.libgcc.builtins
                0x00000000        0x0 c:/tools/avr-gcc_7.3.0/bin/../lib/gcc/avr/7.3.0/avr5\libgcc.a(_exit.o)
 .text.libgcc.fmul
                0x00000000        0x0 c:/tools/avr-gcc_7.3.0/bin/../lib/gcc/avr/7.3.0/avr5\libgcc.a(_exit.o)
 .text.libgcc.fixed
                0x00000000        0x0 c:/tools/avr-gcc_7.3.0/bin/../lib/gcc/avr/7.3.0/avr5\libgcc.a(_exit.o)

Memory Configuration

Name             Origin             Length             Attributes
text             0x00000000         0x00008000         xr
data             0x00800100         0x00000800         rw !x
eeprom           0x00810000         0x00000400         rw !x
fuse             0x00820000         0x00000003         rw !x
lock             0x00830000         0x00000400         rw !x
signature        0x00840000         0x00000400         rw !x
user_signatures  0x00850000         0x00000400         rw !x
*default*        0x00000000         0xffffffff

Linker script and memory map

Address of section .data set to 0x800100
LOAD c:/tools/avr-gcc_7.3.0/bin/../lib/gcc/avr/7.3.0/../../../../avr/lib/avr5/crtatmega328pb.o
LOAD obj-m328pb/src/main.o
START GROUP
LOAD c:/tools/avr-gcc_7.3.0/bin/../lib/gcc/avr/7.3.0/avr5\libgcc.a
LOAD c:/tools/avr-gcc_7.3.0/bin/../lib/gcc/avr/7.3.0/../../../../avr/lib/avr5\libm.a
LOAD c:/tools/avr-gcc_7.3.0/bin/../lib/gcc/avr/7.3.0/../../../../avr/lib/avr5\libc.a
LOAD c:/tools/avr-gcc_7.3.0/bin/../lib/gcc/avr/7.3.0/../../../../avr/lib/avr5\libatmega328pb.a
END GROUP
                [0x00008000]                __TEXT_REGION_LENGTH__ = DEFINED (__TEXT_REGION_LENGTH__)?__TEXT_REGION_LENGTH__:0x20000
                [0x00000800]                __DATA_REGION_LENGTH__ = DEFINED (__DATA_REGION_LENGTH__)?__DATA_REGION_LENGTH__:0xffa0
                [0x00000400]                __EEPROM_REGION_LENGTH__ = DEFINED (__EEPROM_REGION_LENGTH__)?__EEPROM_REGION_LENGTH__:0x10000
                [0x00000003]                __FUSE_REGION_LENGTH__ = DEFINED (__FUSE_REGION_LENGTH__)?__FUSE_REGION_LENGTH__:0x400
                0x00000400                __LOCK_REGION_LENGTH__ = DEFINED (__LOCK_REGION_LENGTH__)?__LOCK_REGION_LENGTH__:0x400
                0x00000400                __SIGNATURE_REGION_LENGTH__ = DEFINED (__SIGNATURE_REGION_LENGTH__)?__SIGNATURE_REGION_LENGTH__:0x400
                0x00000400                __USER_SIGNATURE_REGION_LENGTH__ = DEFINED (__USER_SIGNATURE_REGION_LENGTH__)?__USER_SIGNATURE_REGION_LENGTH__:0x400
                [0x00800100]                __DATA_REGION_ORIGIN__ = DEFINED (__DATA_REGION_ORIGIN__)?__DATA_REGION_ORIGIN__:0x800060

.hash
 *(.hash)

.dynsym
 *(.dynsym)

.dynstr
 *(.dynstr)

.gnu.version
 *(.gnu.version)

.gnu.version_d
 *(.gnu.version_d)

.gnu.version_r
 *(.gnu.version_r)

.rel.init
 *(.rel.init)

.rela.init
 *(.rela.init)

.rel.text
 *(.rel.text)
 *(.rel.text.*)
 *(.rel.gnu.linkonce.t*)

.rela.text
 *(.rela.text)
 *(.rela.text.*)
 *(.rela.gnu.linkonce.t*)

.rel.fini
 *(.rel.fini)

.rela.fini
 *(.rela.fini)

.rel.rodata
 *(.rel.rodata)
 *(.rel.rodata.*)
 *(.rel.gnu.linkonce.r*)

.rela.rodata
 *(.rela.rodata)
 *(.rela.rodata.*)
 *(.rela.gnu.linkonce.r*)

.rel.data
 *(.rel.data)
 *(.rel.data.*)
 *(.rel.gnu.linkonce.d*)

.rela.data
 *(.rela.data)
 *(.rela.data.*)
 *(.rela.gnu.linkonce.d*)

.rel.ctors
 *(.rel.ctors)

.rela.ctors
 *(.rela.ctors)

.rel.dtors
 *(.rel.dtors)

.rela.dtors
 *(.rela.dtors)

.rel.got
 *(.rel.got)

.rela.got
 *(.rela.got)

.rel.bss
 *(.rel.bss)

.rela.bss
 *(.rela.bss)

.rel.plt
 *(.rel.plt)

.rela.plt
 *(.rela.plt)

.text           0x00000000       0xcc
 *(.vectors)
 .vectors       0x00000000       0xb4 c:/tools/avr-gcc_7.3.0/bin/../lib/gcc/avr/7.3.0/../../../../avr/lib/avr5/crtatmega328pb.o
                0x00000000                __vector_default
                0x00000000                __vectors
 *(.vectors)
 *(.progmem.gcc*)
                0x000000b4                . = ALIGN (0x2)
                0x000000b4                __trampolines_start = .
 *(.trampolines)
 .trampolines   0x000000b4        0x0 linker stubs
 *(.trampolines*)
                0x000000b4                __trampolines_end = .
 *libprintf_flt.a:*(.progmem.data)
 *libc.a:*(.progmem.data)
 *(.progmem*)
                0x000000b4                . = ALIGN (0x2)
 *(.jumptables)
 *(.jumptables*)
 *(.lowtext)
 *(.lowtext*)
                0x000000b4                __ctors_start = .
 *(.ctors)
                0x000000b4                __ctors_end = .
                0x000000b4                __dtors_start = .
 *(.dtors)
                0x000000b4                __dtors_end = .
 SORT(*)(.ctors)
 SORT(*)(.dtors)
 *(.init0)
 .init0         0x000000b4        0x0 c:/tools/avr-gcc_7.3.0/bin/../lib/gcc/avr/7.3.0/../../../../avr/lib/avr5/crtatmega328pb.o
                0x000000b4                __init
 *(.init0)
 *(.init1)
 *(.init1)
 *(.init2)
 .init2         0x000000b4        0xc c:/tools/avr-gcc_7.3.0/bin/../lib/gcc/avr/7.3.0/../../../../avr/lib/avr5/crtatmega328pb.o
 *(.init2)
 *(.init3)
 *(.init3)
 *(.init4)
 *(.init4)
 *(.init5)
 *(.init5)
 *(.init6)
 *(.init6)
 *(.init7)
 *(.init7)
 *(.init8)
 *(.init8)
 *(.init9)
 .init9         0x000000c0        0x4 c:/tools/avr-gcc_7.3.0/bin/../lib/gcc/avr/7.3.0/../../../../avr/lib/avr5/crtatmega328pb.o
 *(.init9)
 *(.text)
 .text          0x000000c4        0x2 c:/tools/avr-gcc_7.3.0/bin/../lib/gcc/avr/7.3.0/../../../../avr/lib/avr5/crtatmega328pb.o
                0x000000c4                __vector_38
                0x000000c4                __vector_22
                0x000000c4                __vector_28
                0x000000c4                __vector_1
                0x000000c4                __vector_32
                0x000000c4                __vector_34
                0x000000c4                __vector_24
                0x000000c4                __vector_12
                0x000000c4                __bad_interrupt
                0x000000c4                __vector_6
                0x000000c4                __vector_31
                0x000000c4                __vector_35
                0x000000c4                __vector_39
                0x000000c4                __vector_3
                0x000000c4                __vector_23
                0x000000c4                __vector_30
                0x000000c4                __vector_25
                0x000000c4                __vector_11
                0x000000c4                __vector_13
                0x000000c4                __vector_17
                0x000000c4                __vector_19
                0x000000c4                __vector_7
                0x000000c4                __vector_41
                0x000000c4                __vector_43
                0x000000c4                __vector_27
                0x000000c4                __vector_5
                0x000000c4                __vector_33
                0x000000c4                __vector_37
                0x000000c4                __vector_4
                0x000000c4                __vector_44
                0x000000c4                __vector_9
                0x000000c4                __vector_2
                0x000000c4                __vector_21
                0x000000c4                __vector_15
                0x000000c4                __vector_36
                0x000000c4                __vector_29
                0x000000c4                __vector_40
                0x000000c4                __vector_8
                0x000000c4                __vector_26
                0x000000c4                __vector_14
                0x000000c4                __vector_10
                0x000000c4                __vector_16
                0x000000c4                __vector_18
                0x000000c4                __vector_20
                0x000000c4                __vector_42
                0x000000c6                . = ALIGN (0x2)
 *(.text.*)
 .text.startup.main
                0x000000c6        0x2 obj-m328pb/src/main.o
                0x000000c6                main
                0x000000c8                . = ALIGN (0x2)
 *(.fini9)
 .fini9         0x000000c8        0x0 c:/tools/avr-gcc_7.3.0/bin/../lib/gcc/avr/7.3.0/avr5\libgcc.a(_exit.o)
                0x000000c8                _exit
                0x000000c8                exit
 *(.fini9)
 *(.fini8)
 *(.fini8)
 *(.fini7)
 *(.fini7)
 *(.fini6)
 *(.fini6)
 *(.fini5)
 *(.fini5)
 *(.fini4)
 *(.fini4)
 *(.fini3)
 *(.fini3)
 *(.fini2)
 *(.fini2)
 *(.fini1)
 *(.fini1)
 *(.fini0)
 .fini0         0x000000c8        0x4 c:/tools/avr-gcc_7.3.0/bin/../lib/gcc/avr/7.3.0/avr5\libgcc.a(_exit.o)
 *(.fini0)
                0x000000cc                _etext = .

.data           0x00800100        0x0 load address 0x000000cc
                [!provide]                PROVIDE (__data_start, .)
 *(.data)
 *(.data*)
 *(.gnu.linkonce.d*)
 *(.rodata)
 *(.rodata*)
 *(.gnu.linkonce.r*)
                0x00800100                . = ALIGN (0x2)
                0x00800100                _edata = .
                [!provide]                PROVIDE (__data_end, .)

.bss            0x00800100        0x0
                [!provide]                PROVIDE (__bss_start, .)
 *(.bss)
 *(.bss*)
 *(COMMON)
                [!provide]                PROVIDE (__bss_end, .)
                0x000000cc                __data_load_start = LOADADDR (.data)
                0x000000cc                __data_load_end = (__data_load_start + SIZEOF (.data))

.noinit         0x00800100        0x0
                [!provide]                PROVIDE (__noinit_start, .)
 *(.noinit*)
                [!provide]                PROVIDE (__noinit_end, .)
                0x00800100                _end = .
                [!provide]                PROVIDE (__heap_start, .)

.eeprom         0x00810000        0x0
 *(.eeprom*)
                0x00810000                __eeprom_end = .

.fuse
 *(.fuse)
 *(.lfuse)
 *(.hfuse)
 *(.efuse)

.lock
 *(.lock*)

.signature
 *(.signature*)

.user_signatures
 *(.user_signatures*)

.stab
 *(.stab)

.stabstr
 *(.stabstr)

.stab.excl
 *(.stab.excl)

.stab.exclstr
 *(.stab.exclstr)

.stab.index
 *(.stab.index)

.stab.indexstr
 *(.stab.indexstr)

.comment        0x00000000       0x11
 *(.comment)
 .comment       0x00000000       0x11 obj-m328pb/src/main.o
                                 0x12 (size before relaxing)

.note.gnu.avr.deviceinfo
                0x00000000       0x40
 .note.gnu.avr.deviceinfo
                0x00000000       0x40 c:/tools/avr-gcc_7.3.0/bin/../lib/gcc/avr/7.3.0/../../../../avr/lib/avr5/crtatmega328pb.o

.note.gnu.build-id
 *(.note.gnu.build-id)

.debug
 *(.debug)

.line
 *(.line)

.debug_srcinfo
 *(.debug_srcinfo)

.debug_sfnames
 *(.debug_sfnames)

.debug_aranges  0x00000000       0x40
 *(.debug_aranges)
 .debug_aranges
                0x00000000       0x20 obj-m328pb/src/main.o
 .debug_aranges
                0x00000020       0x20 c:/tools/avr-gcc_7.3.0/bin/../lib/gcc/avr/7.3.0/avr5\libgcc.a(_exit.o)

.debug_pubnames
 *(.debug_pubnames)

.debug_info     0x00000000      0xa21
 *(.debug_info .gnu.linkonce.wi.*)
 .debug_info    0x00000000      0x8ea c:/tools/avr-gcc_7.3.0/bin/../lib/gcc/avr/7.3.0/../../../../avr/lib/avr5/crtatmega328pb.o
 .debug_info    0x000008ea       0x7c obj-m328pb/src/main.o
 .debug_info    0x00000966       0xbb c:/tools/avr-gcc_7.3.0/bin/../lib/gcc/avr/7.3.0/avr5\libgcc.a(_exit.o)

.debug_abbrev   0x00000000      0x8c8
 *(.debug_abbrev)
 .debug_abbrev  0x00000000      0x86e c:/tools/avr-gcc_7.3.0/bin/../lib/gcc/avr/7.3.0/../../../../avr/lib/avr5/crtatmega328pb.o
 .debug_abbrev  0x0000086e       0x46 obj-m328pb/src/main.o
 .debug_abbrev  0x000008b4       0x14 c:/tools/avr-gcc_7.3.0/bin/../lib/gcc/avr/7.3.0/avr5\libgcc.a(_exit.o)

.debug_line     0x00000000      0x240
 *(.debug_line .debug_line.* .debug_line_end)
 .debug_line    0x00000000      0x1a6 c:/tools/avr-gcc_7.3.0/bin/../lib/gcc/avr/7.3.0/../../../../avr/lib/avr5/crtatmega328pb.o
 .debug_line    0x000001a6       0x38 obj-m328pb/src/main.o
 .debug_line    0x000001de       0x62 c:/tools/avr-gcc_7.3.0/bin/../lib/gcc/avr/7.3.0/avr5\libgcc.a(_exit.o)

.debug_frame    0x00000000       0x24
 *(.debug_frame)
 .debug_frame   0x00000000       0x24 obj-m328pb/src/main.o

.debug_str      0x00000000      0x49d
 *(.debug_str)
 .debug_str     0x00000000      0x318 c:/tools/avr-gcc_7.3.0/bin/../lib/gcc/avr/7.3.0/../../../../avr/lib/avr5/crtatmega328pb.o
 .debug_str     0x00000318      0x185 obj-m328pb/src/main.o
                                0x1b9 (size before relaxing)

.debug_loc
 *(.debug_loc)

.debug_macinfo
 *(.debug_macinfo)

.debug_weaknames
 *(.debug_weaknames)

.debug_funcnames
 *(.debug_funcnames)

.debug_typenames
 *(.debug_typenames)

.debug_varnames
 *(.debug_varnames)

.debug_pubtypes
 *(.debug_pubtypes)

.debug_ranges   0x00000000       0x10
 *(.debug_ranges)
 .debug_ranges  0x00000000       0x10 obj-m328pb/src/main.o

.debug_macro
 *(.debug_macro)
OUTPUT(obj-m328pb/Nu6551.elf elf32-avr)
LOAD linker stubs

Cross Reference Table

Symbol                                            File
__DATA_REGION_LENGTH__                            c:/tools/avr-gcc_7.3.0/bin/../lib/gcc/avr/7.3.0/../../../../avr/lib/avr5/crtatmega328pb.o
__DATA_REGION_ORIGIN__                            c:/tools/avr-gcc_7.3.0/bin/../lib/gcc/avr/7.3.0/../../../../avr/lib/avr5/crtatmega328pb.o
__EEPROM_REGION_LENGTH__                          c:/tools/avr-gcc_7.3.0/bin/../lib/gcc/avr/7.3.0/../../../../avr/lib/avr5/crtatmega328pb.o
__FUSE_REGION_LENGTH__                            c:/tools/avr-gcc_7.3.0/bin/../lib/gcc/avr/7.3.0/../../../../avr/lib/avr5/crtatmega328pb.o
__TEXT_REGION_LENGTH__                            c:/tools/avr-gcc_7.3.0/bin/../lib/gcc/avr/7.3.0/../../../../avr/lib/avr5/crtatmega328pb.o
__TEXT_REGION_ORIGIN__                            c:/tools/avr-gcc_7.3.0/bin/../lib/gcc/avr/7.3.0/../../../../avr/lib/avr5/crtatmega328pb.o
__bad_interrupt                                   c:/tools/avr-gcc_7.3.0/bin/../lib/gcc/avr/7.3.0/../../../../avr/lib/avr5/crtatmega328pb.o
__heap_end                                        c:/tools/avr-gcc_7.3.0/bin/../lib/gcc/avr/7.3.0/../../../../avr/lib/avr5/crtatmega328pb.o
__init                                            c:/tools/avr-gcc_7.3.0/bin/../lib/gcc/avr/7.3.0/../../../../avr/lib/avr5/crtatmega328pb.o
__stack                                           c:/tools/avr-gcc_7.3.0/bin/../lib/gcc/avr/7.3.0/../../../../avr/lib/avr5/crtatmega328pb.o
__vector_1                                        c:/tools/avr-gcc_7.3.0/bin/../lib/gcc/avr/7.3.0/../../../../avr/lib/avr5/crtatmega328pb.o
__vector_10                                       c:/tools/avr-gcc_7.3.0/bin/../lib/gcc/avr/7.3.0/../../../../avr/lib/avr5/crtatmega328pb.o
__vector_11                                       c:/tools/avr-gcc_7.3.0/bin/../lib/gcc/avr/7.3.0/../../../../avr/lib/avr5/crtatmega328pb.o
__vector_12                                       c:/tools/avr-gcc_7.3.0/bin/../lib/gcc/avr/7.3.0/../../../../avr/lib/avr5/crtatmega328pb.o
__vector_13                                       c:/tools/avr-gcc_7.3.0/bin/../lib/gcc/avr/7.3.0/../../../../avr/lib/avr5/crtatmega328pb.o
__vector_14                                       c:/tools/avr-gcc_7.3.0/bin/../lib/gcc/avr/7.3.0/../../../../avr/lib/avr5/crtatmega328pb.o
__vector_15                                       c:/tools/avr-gcc_7.3.0/bin/../lib/gcc/avr/7.3.0/../../../../avr/lib/avr5/crtatmega328pb.o
__vector_16                                       c:/tools/avr-gcc_7.3.0/bin/../lib/gcc/avr/7.3.0/../../../../avr/lib/avr5/crtatmega328pb.o
__vector_17                                       c:/tools/avr-gcc_7.3.0/bin/../lib/gcc/avr/7.3.0/../../../../avr/lib/avr5/crtatmega328pb.o
__vector_18                                       c:/tools/avr-gcc_7.3.0/bin/../lib/gcc/avr/7.3.0/../../../../avr/lib/avr5/crtatmega328pb.o
__vector_19                                       c:/tools/avr-gcc_7.3.0/bin/../lib/gcc/avr/7.3.0/../../../../avr/lib/avr5/crtatmega328pb.o
__vector_2                                        c:/tools/avr-gcc_7.3.0/bin/../lib/gcc/avr/7.3.0/../../../../avr/lib/avr5/crtatmega328pb.o
__vector_20                                       c:/tools/avr-gcc_7.3.0/bin/../lib/gcc/avr/7.3.0/../../../../avr/lib/avr5/crtatmega328pb.o
__vector_21                                       c:/tools/avr-gcc_7.3.0/bin/../lib/gcc/avr/7.3.0/../../../../avr/lib/avr5/crtatmega328pb.o
__vector_22                                       c:/tools/avr-gcc_7.3.0/bin/../lib/gcc/avr/7.3.0/../../../../avr/lib/avr5/crtatmega328pb.o
__vector_23                                       c:/tools/avr-gcc_7.3.0/bin/../lib/gcc/avr/7.3.0/../../../../avr/lib/avr5/crtatmega328pb.o
__vector_24                                       c:/tools/avr-gcc_7.3.0/bin/../lib/gcc/avr/7.3.0/../../../../avr/lib/avr5/crtatmega328pb.o
__vector_25                                       c:/tools/avr-gcc_7.3.0/bin/../lib/gcc/avr/7.3.0/../../../../avr/lib/avr5/crtatmega328pb.o
__vector_26                                       c:/tools/avr-gcc_7.3.0/bin/../lib/gcc/avr/7.3.0/../../../../avr/lib/avr5/crtatmega328pb.o
__vector_27                                       c:/tools/avr-gcc_7.3.0/bin/../lib/gcc/avr/7.3.0/../../../../avr/lib/avr5/crtatmega328pb.o
__vector_28                                       c:/tools/avr-gcc_7.3.0/bin/../lib/gcc/avr/7.3.0/../../../../avr/lib/avr5/crtatmega328pb.o
__vector_29                                       c:/tools/avr-gcc_7.3.0/bin/../lib/gcc/avr/7.3.0/../../../../avr/lib/avr5/crtatmega328pb.o
__vector_3                                        c:/tools/avr-gcc_7.3.0/bin/../lib/gcc/avr/7.3.0/../../../../avr/lib/avr5/crtatmega328pb.o
__vector_30                                       c:/tools/avr-gcc_7.3.0/bin/../lib/gcc/avr/7.3.0/../../../../avr/lib/avr5/crtatmega328pb.o
__vector_31                                       c:/tools/avr-gcc_7.3.0/bin/../lib/gcc/avr/7.3.0/../../../../avr/lib/avr5/crtatmega328pb.o
__vector_32                                       c:/tools/avr-gcc_7.3.0/bin/../lib/gcc/avr/7.3.0/../../../../avr/lib/avr5/crtatmega328pb.o
__vector_33                                       c:/tools/avr-gcc_7.3.0/bin/../lib/gcc/avr/7.3.0/../../../../avr/lib/avr5/crtatmega328pb.o
__vector_34                                       c:/tools/avr-gcc_7.3.0/bin/../lib/gcc/avr/7.3.0/../../../../avr/lib/avr5/crtatmega328pb.o
__vector_35                                       c:/tools/avr-gcc_7.3.0/bin/../lib/gcc/avr/7.3.0/../../../../avr/lib/avr5/crtatmega328pb.o
__vector_36                                       c:/tools/avr-gcc_7.3.0/bin/../lib/gcc/avr/7.3.0/../../../../avr/lib/avr5/crtatmega328pb.o
__vector_37                                       c:/tools/avr-gcc_7.3.0/bin/../lib/gcc/avr/7.3.0/../../../../avr/lib/avr5/crtatmega328pb.o
__vector_38                                       c:/tools/avr-gcc_7.3.0/bin/../lib/gcc/avr/7.3.0/../../../../avr/lib/avr5/crtatmega328pb.o
__vector_39                                       c:/tools/avr-gcc_7.3.0/bin/../lib/gcc/avr/7.3.0/../../../../avr/lib/avr5/crtatmega328pb.o
__vector_4                                        c:/tools/avr-gcc_7.3.0/bin/../lib/gcc/avr/7.3.0/../../../../avr/lib/avr5/crtatmega328pb.o
__vector_40                                       c:/tools/avr-gcc_7.3.0/bin/../lib/gcc/avr/7.3.0/../../../../avr/lib/avr5/crtatmega328pb.o
__vector_41                                       c:/tools/avr-gcc_7.3.0/bin/../lib/gcc/avr/7.3.0/../../../../avr/lib/avr5/crtatmega328pb.o
__vector_42                                       c:/tools/avr-gcc_7.3.0/bin/../lib/gcc/avr/7.3.0/../../../../avr/lib/avr5/crtatmega328pb.o
__vector_43                                       c:/tools/avr-gcc_7.3.0/bin/../lib/gcc/avr/7.3.0/../../../../avr/lib/avr5/crtatmega328pb.o
__vector_44                                       c:/tools/avr-gcc_7.3.0/bin/../lib/gcc/avr/7.3.0/../../../../avr/lib/avr5/crtatmega328pb.o
__vector_5                                        c:/tools/avr-gcc_7.3.0/bin/../lib/gcc/avr/7.3.0/../../../../avr/lib/avr5/crtatmega328pb.o
__vector_6                                        c:/tools/avr-gcc_7.3.0/bin/../lib/gcc/avr/7.3.0/../../../../avr/lib/avr5/crtatmega328pb.o
__vector_7                                        c:/tools/avr-gcc_7.3.0/bin/../lib/gcc/avr/7.3.0/../../../../avr/lib/avr5/crtatmega328pb.o
__vector_8                                        c:/tools/avr-gcc_7.3.0/bin/../lib/gcc/avr/7.3.0/../../../../avr/lib/avr5/crtatmega328pb.o
__vector_9                                        c:/tools/avr-gcc_7.3.0/bin/../lib/gcc/avr/7.3.0/../../../../avr/lib/avr5/crtatmega328pb.o
__vector_default                                  c:/tools/avr-gcc_7.3.0/bin/../lib/gcc/avr/7.3.0/../../../../avr/lib/avr5/crtatmega328pb.o
__vectors                                         c:/tools/avr-gcc_7.3.0/bin/../lib/gcc/avr/7.3.0/../../../../avr/lib/avr5/crtatmega328pb.o
_exit                                             c:/tools/avr-gcc_7.3.0/bin/../lib/gcc/avr/7.3.0/avr5\libgcc.a(_exit.o)
exit                                              c:/tools/avr-gcc_7.3.0/bin/../lib/gcc/avr/7.3.0/avr5\libgcc.a(_exit.o)
                                                  c:/tools/avr-gcc_7.3.0/bin/../lib/gcc/avr/7.3.0/../../../../avr/lib/avr5/crtatmega328pb.o
main                                              obj-m328pb/src/main.o
                                                  c:/tools/avr-gcc_7.3.0/bin/../lib/gcc/avr/7.3.0/../../../../avr/lib/avr5/crtatmega328pb.o
